00:00 +0: loading /home/mateus/dev/github/endap-studio/test/widget_test.dart
00:00 +0: App loads and shows empty state
BUILD APPBAR
BUILD APPBAR
BUILD TOOLBOX
BUILD VARIABLES
BUILD APPBAR
BUILD TOOLBOX
BUILD VARIABLES
BUILD APPBAR
BUILD TOOLBOX
BUILD VARIABLES
BUILD APPBAR
BUILD TOOLBOX
BUILD VARIABLES
00:01 +1: Native Android/iOS uses LongPressDraggable when debugForceWebMobile is false
BUILD APPBAR
BUILD APPBAR
BUILD TOOLBOX
BUILD VARIABLES
BUILD APPBAR
BUILD TOOLBOX
BUILD VARIABLES
BUILD APPBAR
BUILD TOOLBOX
BUILD VARIABLES
BUILD APPBAR
BUILD TOOLBOX
BUILD VARIABLES
BUILD APPBAR
BUILD TOOLBOX
BUILD VARIABLES
BUILD RUNG 0
BUILD APPBAR
BUILD TOOLBOX
BUILD VARIABLES
BUILD RUNG 0
BUILD APPBAR
BUILD TOOLBOX
BUILD VARIABLES
BUILD RUNG 0
BUILD APPBAR
BUILD TOOLBOX
BUILD VARIABLES
BUILD RUNG 0
00:01 +2: Web Mobile does not use Draggable when debugForceWebMobile is true
BUILD APPBAR
BUILD APPBAR
BUILD TOOLBOX
BUILD VARIABLES
BUILD APPBAR
BUILD TOOLBOX
BUILD VARIABLES
BUILD APPBAR
BUILD TOOLBOX
BUILD VARIABLES
BUILD APPBAR
BUILD TOOLBOX
BUILD VARIABLES
BUILD APPBAR
BUILD TOOLBOX
BUILD VARIABLES
BUILD RUNG 0
BUILD APPBAR
BUILD TOOLBOX
BUILD VARIABLES
BUILD RUNG 0
BUILD APPBAR
BUILD TOOLBOX
BUILD VARIABLES
BUILD RUNG 0
BUILD APPBAR
BUILD TOOLBOX
BUILD VARIABLES
BUILD RUNG 0
00:01 +3: Web Mobile tap selection and insertion flow
BUILD APPBAR
BUILD APPBAR
BUILD TOOLBOX
BUILD VARIABLES
BUILD APPBAR
BUILD TOOLBOX
BUILD VARIABLES
BUILD APPBAR
BUILD TOOLBOX
BUILD VARIABLES
BUILD APPBAR
BUILD TOOLBOX
BUILD VARIABLES
BUILD APPBAR
BUILD TOOLBOX
BUILD VARIABLES
BUILD RUNG 0
BUILD APPBAR
BUILD TOOLBOX
BUILD VARIABLES
BUILD RUNG 0
BUILD APPBAR
BUILD TOOLBOX
BUILD VARIABLES
BUILD RUNG 0
BUILD APPBAR
BUILD TOOLBOX
BUILD VARIABLES
BUILD RUNG 0
BUILD APPBAR
BUILD TOOLBOX
BUILD VARIABLES
BUILD RUNG 0
BUILD APPBAR
BUILD TOOLBOX
BUILD VARIABLES
BUILD RUNG 0
BUILD APPBAR
BUILD TOOLBOX
BUILD VARIABLES
BUILD RUNG 0
BUILD APPBAR
BUILD TOOLBOX
BUILD VARIABLES
BUILD RUNG 0
BUILD APPBAR
BUILD TOOLBOX
BUILD VARIABLES
BUILD RUNG 0
BUILD APPBAR
BUILD TOOLBOX
BUILD VARIABLES
BUILD RUNG 0
BUILD APPBAR
BUILD TOOLBOX
BUILD VARIABLES
BUILD RUNG 0
BUILD APPBAR
BUILD TOOLBOX
BUILD VARIABLES
BUILD RUNG 0
BUILD APPBAR
BUILD TOOLBOX
BUILD VARIABLES
BUILD RUNG 0
BUILD APPBAR
BUILD TOOLBOX
BUILD VARIABLES
BUILD RUNG 0
BUILD APPBAR
BUILD TOOLBOX
BUILD VARIABLES
BUILD RUNG 0
BUILD APPBAR
BUILD TOOLBOX
BUILD VARIABLES
BUILD RUNG 0
BUILD APPBAR
BUILD TOOLBOX
BUILD VARIABLES
BUILD RUNG 0
BUILD APPBAR
BUILD TOOLBOX
BUILD VARIABLES
BUILD RUNG 0
BUILD APPBAR
BUILD TOOLBOX
BUILD VARIABLES
BUILD RUNG 0
BUILD APPBAR
BUILD TOOLBOX
BUILD VARIABLES
BUILD RUNG 0
BUILD APPBAR
BUILD TOOLBOX
BUILD VARIABLES
BUILD RUNG 0
BUILD APPBAR
BUILD TOOLBOX
BUILD VARIABLES
BUILD RUNG 0
BUILD APPBAR
BUILD TOOLBOX
BUILD VARIABLES
BUILD RUNG 0
BUILD APPBAR
BUILD TOOLBOX
BUILD VARIABLES
BUILD RUNG 0
BUILD APPBAR
BUILD TOOLBOX
BUILD VARIABLES
BUILD RUNG 0
BUILD APPBAR
BUILD TOOLBOX
BUILD VARIABLES
BUILD RUNG 0
BUILD APPBAR
BUILD TOOLBOX
BUILD VARIABLES
BUILD RUNG 0
BUILD APPBAR
BUILD TOOLBOX
BUILD VARIABLES
BUILD RUNG 0
BUILD APPBAR
BUILD TOOLBOX
BUILD VARIABLES
BUILD RUNG 0
00:03 +4: All tests passed!
